Processing Run Number: 855
Found data file: /afs/cern.ch/user/y/ymaruya/private/FASERlink/AHCAL-data/AHCAL_Run855_20250730_225654.root
Running analysis script...
Save option: SavePrint
Successfully loaded offsets from MuonCandidate2.root
abnormal MIP 11 2 15 112.564
abnormal MIP 12 3 31 195.577
abnormal MIP 12 7 2 166.776
abnormal MIP 12 7 28 175.019
abnormal MIP 12 7 34 189.12
abnormal MIP 21 7 14 180.932
abnormal MIP 22 0 22 161.097
abnormal MIP 23 0 27 181.768
abnormal MIP 28 5 28 109.372
abnormal MIP 38 1 1 104.821
abnormal MIP 38 1 15 122.631
abnormal MIP 38 1 35 176.87
abnormal MIP 38 3 17 149.82
abnormal MIP 38 7 25 196.388
abnormal MIP 38 7 34 199.333
abnormal MIP 38 8 33 196.487
abnormal MIP 39 0 5 181.091
abnormal MIP 39 0 6 158.137
abnormal MIP 39 0 7 153.547
abnormal MIP 39 0 18 180.59
abnormal MIP 39 0 20 167.926
abnormal MIP 39 0 22 188.903
abnormal MIP 39 0 23 141.145
abnormal MIP 39 0 24 166.227
abnormal MIP 39 1 7 163.847
abnormal MIP 39 1 15 153.687
abnormal MIP 39 1 30 181.256
abnormal MIP 39 2 0 124.558
abnormal MIP 39 2 3 123.09
abnormal MIP 39 2 6 176.007
abnormal MIP 39 2 8 179.516
abnormal MIP 39 2 10 132.716
abnormal MIP 39 2 12 173.133
abnormal MIP 39 2 15 185.832
abnormal MIP 39 2 16 185.979
abnormal MIP 39 2 18 178.595
abnormal MIP 39 2 21 177.621
abnormal MIP 39 2 22 179.041
abnormal MIP 39 2 32 126.124
abnormal MIP 39 3 2 167.087
abnormal MIP 39 3 4 190.683
abnormal MIP 39 3 5 176.345
abnormal MIP 39 3 7 150.543
abnormal MIP 39 3 11 155.552
abnormal MIP 39 3 12 123.315
abnormal MIP 39 3 14 160.048
abnormal MIP 39 3 16 162.725
abnormal MIP 39 3 19 191.118
abnormal MIP 39 3 20 192.228
abnormal MIP 39 3 21 189.181
abnormal MIP 39 3 22 177.907
abnormal MIP 39 3 23 158.995
abnormal MIP 39 3 24 192.058
abnormal MIP 39 3 25 189.706
abnormal MIP 39 3 26 141.857
abnormal MIP 39 3 34 190.205
abnormal MIP 39 4 0 173.309
abnormal MIP 39 4 2 185.351
abnormal MIP 39 4 4 198.562
abnormal MIP 39 4 5 184.369
abnormal MIP 39 4 9 184.079
abnormal MIP 39 4 14 166.973
abnormal MIP 39 4 15 168.23
abnormal MIP 39 4 16 145.948
abnormal MIP 39 4 17 163.95
abnormal MIP 39 4 18 158.181
abnormal MIP 39 4 19 150.354
abnormal MIP 39 4 20 177.626
abnormal MIP 39 4 22 147.041
abnormal MIP 39 4 24 132.549
abnormal MIP 39 4 27 157.181
abnormal MIP 39 4 28 173.432
abnormal MIP 39 4 29 190.87
abnormal MIP 39 4 30 124.148
abnormal MIP 39 4 31 182.01
abnormal MIP 39 4 32 187.75
abnormal MIP 39 4 35 188.461
abnormal MIP 39 5 1 174.399
abnormal MIP 39 5 2 181.923
abnormal MIP 39 5 3 135.731
abnormal MIP 39 5 5 141.853
abnormal MIP 39 5 6 122.116
abnormal MIP 39 5 7 175.592
abnormal MIP 39 5 8 156.307
abnormal MIP 39 5 9 174.871
abnormal MIP 39 5 12 154.471
abnormal MIP 39 5 13 186.132
abnormal MIP 39 5 15 149.518
abnormal MIP 39 5 16 170.457
abnormal MIP 39 5 17 147.143
abnormal MIP 39 5 18 178.997
abnormal MIP 39 5 19 163.178
abnormal MIP 39 5 20 119.398
abnormal MIP 39 5 21 145.346
abnormal MIP 39 5 24 186.64
abnormal MIP 39 5 25 189.913
abnormal MIP 39 5 26 164.93
abnormal MIP 39 5 27 162.279
abnormal MIP 39 5 28 166.368
abnormal MIP 39 5 32 181.561
abnormal MIP 39 5 33 176.833
abnormal MIP 39 5 34 168.455
abnormal MIP 39 5 35 172.323
Info in <TCanvas::Print>: png file h2_MPV.png has been created
Read TTree 
Read TTree Over
Start Looping over events
0 out of 3393480
1000 out of 3393480
2000 out of 3393480
3000 out of 3393480
4000 out of 3393480
5000 out of 3393480
6000 out of 3393480
7000 out of 3393480
8000 out of 3393480
9000 out of 3393480
10000 out of 3393480
11000 out of 3393480
12000 out of 3393480
13000 out of 3393480
14000 out of 3393480
15000 out of 3393480
16000 out of 3393480
17000 out of 3393480
18000 out of 3393480
19000 out of 3393480
20000 out of 3393480
21000 out of 3393480
22000 out of 3393480
23000 out of 3393480
24000 out of 3393480
25000 out of 3393480
26000 out of 3393480
27000 out of 3393480
28000 out of 3393480
29000 out of 3393480
30000 out of 3393480
31000 out of 3393480
32000 out of 3393480
33000 out of 3393480
34000 out of 3393480
35000 out of 3393480
36000 out of 3393480
37000 out of 3393480
38000 out of 3393480
39000 out of 3393480
40000 out of 3393480
41000 out of 3393480
42000 out of 3393480
43000 out of 3393480
44000 out of 3393480
45000 out of 3393480
46000 out of 3393480
47000 out of 3393480
48000 out of 3393480
49000 out of 3393480
50000 out of 3393480
51000 out of 3393480
52000 out of 3393480
53000 out of 3393480
54000 out of 3393480
55000 out of 3393480
56000 out of 3393480
57000 out of 3393480
58000 out of 3393480
59000 out of 3393480
60000 out of 3393480
61000 out of 3393480
62000 out of 3393480
63000 out of 3393480
64000 out of 3393480
65000 out of 3393480
66000 out of 3393480
67000 out of 3393480
68000 out of 3393480
69000 out of 3393480
70000 out of 3393480
71000 out of 3393480
72000 out of 3393480
73000 out of 3393480
74000 out of 3393480
75000 out of 3393480
76000 out of 3393480
77000 out of 3393480
78000 out of 3393480
79000 out of 3393480
80000 out of 3393480
81000 out of 3393480
82000 out of 3393480
83000 out of 3393480
84000 out of 3393480
85000 out of 3393480
86000 out of 3393480
87000 out of 3393480
88000 out of 3393480
89000 out of 3393480
90000 out of 3393480
91000 out of 3393480
92000 out of 3393480
93000 out of 3393480
94000 out of 3393480
95000 out of 3393480
96000 out of 3393480
97000 out of 3393480
98000 out of 3393480
99000 out of 3393480
100000 out of 3393480
101000 out of 3393480
102000 out of 3393480
103000 out of 3393480
104000 out of 3393480
105000 out of 3393480
106000 out of 3393480
107000 out of 3393480
108000 out of 3393480
109000 out of 3393480
110000 out of 3393480
111000 out of 3393480
112000 out of 3393480
113000 out of 3393480
114000 out of 3393480
115000 out of 3393480
116000 out of 3393480
117000 out of 3393480
118000 out of 3393480
119000 out of 3393480
120000 out of 3393480
121000 out of 3393480
122000 out of 3393480
123000 out of 3393480
124000 out of 3393480
125000 out of 3393480
126000 out of 3393480
127000 out of 3393480
128000 out of 3393480
129000 out of 3393480
130000 out of 3393480
131000 out of 3393480
132000 out of 3393480
133000 out of 3393480
134000 out of 3393480
135000 out of 3393480
136000 out of 3393480
137000 out of 3393480
138000 out of 3393480
139000 out of 3393480
140000 out of 3393480
141000 out of 3393480
142000 out of 3393480
143000 out of 3393480
144000 out of 3393480
145000 out of 3393480
146000 out of 3393480
147000 out of 3393480
148000 out of 3393480
149000 out of 3393480
150000 out of 3393480
151000 out of 3393480
152000 out of 3393480
153000 out of 3393480
154000 out of 3393480
155000 out of 3393480
156000 out of 3393480
157000 out of 3393480
158000 out of 3393480
159000 out of 3393480
160000 out of 3393480
161000 out of 3393480
162000 out of 3393480
163000 out of 3393480
164000 out of 3393480
165000 out of 3393480
166000 out of 3393480
167000 out of 3393480
168000 out of 3393480
169000 out of 3393480
170000 out of 3393480
171000 out of 3393480
172000 out of 3393480
173000 out of 3393480
174000 out of 3393480
175000 out of 3393480
176000 out of 3393480
177000 out of 3393480
178000 out of 3393480
179000 out of 3393480
180000 out of 3393480
181000 out of 3393480
182000 out of 3393480
183000 out of 3393480
184000 out of 3393480
185000 out of 3393480
186000 out of 3393480
187000 out of 3393480
188000 out of 3393480
189000 out of 3393480
190000 out of 3393480
191000 out of 3393480
192000 out of 3393480
193000 out of 3393480
194000 out of 3393480
195000 out of 3393480
196000 out of 3393480
197000 out of 3393480
198000 out of 3393480
199000 out of 3393480
200000 out of 3393480
201000 out of 3393480
202000 out of 3393480
203000 out of 3393480
204000 out of 3393480
205000 out of 3393480
206000 out of 3393480
207000 out of 3393480
208000 out of 3393480
209000 out of 3393480
210000 out of 3393480
211000 out of 3393480
Processing Run Number: 855
Found data file: /afs/cern.ch/user/y/ymaruya/private/FASERlink/AHCAL-data/AHCAL_Run855_20250730_225654.root
Running analysis script...
Save option: SavePrint
Successfully loaded offsets from MuonCandidate2.root
abnormal MIP 11 2 15 112.564
abnormal MIP 12 3 31 195.577
abnormal MIP 12 7 2 166.776
abnormal MIP 12 7 28 175.019
abnormal MIP 12 7 34 189.12
abnormal MIP 21 7 14 180.932
abnormal MIP 22 0 22 161.097
abnormal MIP 23 0 27 181.768
abnormal MIP 28 5 28 109.372
abnormal MIP 38 1 1 104.821
abnormal MIP 38 1 15 122.631
abnormal MIP 38 1 35 176.87
abnormal MIP 38 3 17 149.82
abnormal MIP 38 7 25 196.388
abnormal MIP 38 7 34 199.333
abnormal MIP 38 8 33 196.487
abnormal MIP 39 0 5 181.091
abnormal MIP 39 0 6 158.137
abnormal MIP 39 0 7 153.547
abnormal MIP 39 0 18 180.59
abnormal MIP 39 0 20 167.926
abnormal MIP 39 0 22 188.903
abnormal MIP 39 0 23 141.145
abnormal MIP 39 0 24 166.227
abnormal MIP 39 1 7 163.847
abnormal MIP 39 1 15 153.687
abnormal MIP 39 1 30 181.256
abnormal MIP 39 2 0 124.558
abnormal MIP 39 2 3 123.09
abnormal MIP 39 2 6 176.007
abnormal MIP 39 2 8 179.516
abnormal MIP 39 2 10 132.716
abnormal MIP 39 2 12 173.133
abnormal MIP 39 2 15 185.832
abnormal MIP 39 2 16 185.979
abnormal MIP 39 2 18 178.595
abnormal MIP 39 2 21 177.621
abnormal MIP 39 2 22 179.041
abnormal MIP 39 2 32 126.124
abnormal MIP 39 3 2 167.087
abnormal MIP 39 3 4 190.683
abnormal MIP 39 3 5 176.345
abnormal MIP 39 3 7 150.543
abnormal MIP 39 3 11 155.552
abnormal MIP 39 3 12 123.315
abnormal MIP 39 3 14 160.048
abnormal MIP 39 3 16 162.725
abnormal MIP 39 3 19 191.118
abnormal MIP 39 3 20 192.228
abnormal MIP 39 3 21 189.181
abnormal MIP 39 3 22 177.907
abnormal MIP 39 3 23 158.995
abnormal MIP 39 3 24 192.058
abnormal MIP 39 3 25 189.706
abnormal MIP 39 3 26 141.857
abnormal MIP 39 3 34 190.205
abnormal MIP 39 4 0 173.309
abnormal MIP 39 4 2 185.351
abnormal MIP 39 4 4 198.562
abnormal MIP 39 4 5 184.369
abnormal MIP 39 4 9 184.079
abnormal MIP 39 4 14 166.973
abnormal MIP 39 4 15 168.23
abnormal MIP 39 4 16 145.948
abnormal MIP 39 4 17 163.95
abnormal MIP 39 4 18 158.181
abnormal MIP 39 4 19 150.354
abnormal MIP 39 4 20 177.626
abnormal MIP 39 4 22 147.041
abnormal MIP 39 4 24 132.549
abnormal MIP 39 4 27 157.181
abnormal MIP 39 4 28 173.432
abnormal MIP 39 4 29 190.87
abnormal MIP 39 4 30 124.148
abnormal MIP 39 4 31 182.01
abnormal MIP 39 4 32 187.75
abnormal MIP 39 4 35 188.461
abnormal MIP 39 5 1 174.399
abnormal MIP 39 5 2 181.923
abnormal MIP 39 5 3 135.731
abnormal MIP 39 5 5 141.853
abnormal MIP 39 5 6 122.116
abnormal MIP 39 5 7 175.592
abnormal MIP 39 5 8 156.307
abnormal MIP 39 5 9 174.871
abnormal MIP 39 5 12 154.471
abnormal MIP 39 5 13 186.132
abnormal MIP 39 5 15 149.518
abnormal MIP 39 5 16 170.457
abnormal MIP 39 5 17 147.143
abnormal MIP 39 5 18 178.997
abnormal MIP 39 5 19 163.178
abnormal MIP 39 5 20 119.398
abnormal MIP 39 5 21 145.346
abnormal MIP 39 5 24 186.64
abnormal MIP 39 5 25 189.913
abnormal MIP 39 5 26 164.93
abnormal MIP 39 5 27 162.279
abnormal MIP 39 5 28 166.368
abnormal MIP 39 5 32 181.561
abnormal MIP 39 5 33 176.833
abnormal MIP 39 5 34 168.455
abnormal MIP 39 5 35 172.323
Info in <TCanvas::Print>: png file h2_MPV.png has been created
Read TTree 
Read TTree Over
Start Looping over events
0 out of 3393480
1000 out of 3393480
2000 out of 3393480
3000 out of 3393480
4000 out of 3393480
5000 out of 3393480
6000 out of 3393480
7000 out of 3393480
8000 out of 3393480
9000 out of 3393480
10000 out of 3393480
11000 out of 3393480
12000 out of 3393480
13000 out of 3393480
14000 out of 3393480
15000 out of 3393480
16000 out of 3393480
17000 out of 3393480
18000 out of 3393480
19000 out of 3393480
20000 out of 3393480
21000 out of 3393480
22000 out of 3393480
23000 out of 3393480
24000 out of 3393480
25000 out of 3393480
26000 out of 3393480
27000 out of 3393480
28000 out of 3393480
29000 out of 3393480
30000 out of 3393480
31000 out of 3393480
32000 out of 3393480
33000 out of 3393480
34000 out of 3393480
35000 out of 3393480
36000 out of 3393480
37000 out of 3393480
38000 out of 3393480
39000 out of 3393480
40000 out of 3393480
41000 out of 3393480
42000 out of 3393480
43000 out of 3393480
44000 out of 3393480
45000 out of 3393480
46000 out of 3393480
47000 out of 3393480
48000 out of 3393480
49000 out of 3393480
50000 out of 3393480
51000 out of 3393480
52000 out of 3393480
53000 out of 3393480
54000 out of 3393480
55000 out of 3393480
56000 out of 3393480
57000 out of 3393480
58000 out of 3393480
59000 out of 3393480
60000 out of 3393480
61000 out of 3393480
62000 out of 3393480
63000 out of 3393480
64000 out of 3393480
65000 out of 3393480
66000 out of 3393480
67000 out of 3393480
68000 out of 3393480
69000 out of 3393480
70000 out of 3393480
71000 out of 3393480
72000 out of 3393480
73000 out of 3393480
74000 out of 3393480
75000 out of 3393480
76000 out of 3393480
77000 out of 3393480
78000 out of 3393480
79000 out of 3393480
80000 out of 3393480
81000 out of 3393480
82000 out of 3393480
83000 out of 3393480
84000 out of 3393480
85000 out of 3393480
86000 out of 3393480
87000 out of 3393480
88000 out of 3393480
89000 out of 3393480
90000 out of 3393480
91000 out of 3393480
92000 out of 3393480
93000 out of 3393480
94000 out of 3393480
95000 out of 3393480
96000 out of 3393480
97000 out of 3393480
98000 out of 3393480
99000 out of 3393480
100000 out of 3393480
101000 out of 3393480
102000 out of 3393480
103000 out of 3393480
104000 out of 3393480
105000 out of 3393480
106000 out of 3393480
107000 out of 3393480
108000 out of 3393480
109000 out of 3393480
110000 out of 3393480
111000 out of 3393480
112000 out of 3393480
113000 out of 3393480
114000 out of 3393480
115000 out of 3393480
116000 out of 3393480
117000 out of 3393480
118000 out of 3393480
119000 out of 3393480
120000 out of 3393480
121000 out of 3393480
122000 out of 3393480
123000 out of 3393480
124000 out of 3393480
125000 out of 3393480
126000 out of 3393480
127000 out of 3393480
128000 out of 3393480
129000 out of 3393480
130000 out of 3393480
131000 out of 3393480
132000 out of 3393480
133000 out of 3393480
134000 out of 3393480
135000 out of 3393480
136000 out of 3393480
137000 out of 3393480
138000 out of 3393480
139000 out of 3393480
140000 out of 3393480
141000 out of 3393480
142000 out of 3393480
143000 out of 3393480
144000 out of 3393480
145000 out of 3393480
146000 out of 3393480
147000 out of 3393480
148000 out of 3393480
149000 out of 3393480
150000 out of 3393480
151000 out of 3393480
152000 out of 3393480
153000 out of 3393480
154000 out of 3393480
155000 out of 3393480
156000 out of 3393480
157000 out of 3393480
158000 out of 3393480
159000 out of 3393480
160000 out of 3393480
161000 out of 3393480
162000 out of 3393480
163000 out of 3393480
164000 out of 3393480
165000 out of 3393480
166000 out of 3393480
167000 out of 3393480
168000 out of 3393480
169000 out of 3393480
170000 out of 3393480
171000 out of 3393480
172000 out of 3393480
173000 out of 3393480
174000 out of 3393480
175000 out of 3393480
176000 out of 3393480
177000 out of 3393480
178000 out of 3393480
179000 out of 3393480
180000 out of 3393480
181000 out of 3393480
182000 out of 3393480
183000 out of 3393480
184000 out of 3393480
185000 out of 3393480
186000 out of 3393480
187000 out of 3393480
188000 out of 3393480
189000 out of 3393480
190000 out of 3393480
191000 out of 3393480
192000 out of 3393480
193000 out of 3393480
194000 out of 3393480
195000 out of 3393480
196000 out of 3393480
197000 out of 3393480
198000 out of 3393480
199000 out of 3393480
200000 out of 3393480
201000 out of 3393480
202000 out of 3393480
203000 out of 3393480
204000 out of 3393480
205000 out of 3393480
206000 out of 3393480
207000 out of 3393480
208000 out of 3393480
209000 out of 3393480
210000 out of 3393480
211000 out of 3393480
212000 out of 3393480
213000 out of 3393480
214000 out of 3393480
215000 out of 3393480
216000 out of 3393480
217000 out of 3393480
218000 out of 3393480
219000 out of 3393480
220000 out of 3393480
221000 out of 3393480
222000 out of 3393480
223000 out of 3393480
224000 out of 3393480
225000 out of 3393480
226000 out of 3393480
227000 out of 3393480
228000 out of 3393480
229000 out of 3393480
230000 out of 3393480
231000 out of 3393480
232000 out of 3393480
233000 out of 3393480
234000 out of 3393480
235000 out of 3393480
236000 out of 3393480
237000 out of 3393480
238000 out of 3393480
239000 out of 3393480
240000 out of 3393480
241000 out of 3393480
242000 out of 3393480
243000 out of 3393480
244000 out of 3393480
245000 out of 3393480
246000 out of 3393480
247000 out of 3393480
248000 out of 3393480
249000 out of 3393480
250000 out of 3393480
251000 out of 3393480
252000 out of 3393480
253000 out of 3393480
254000 out of 3393480
255000 out of 3393480
256000 out of 3393480
257000 out of 3393480
258000 out of 3393480
259000 out of 3393480
260000 out of 3393480
261000 out of 3393480
262000 out of 3393480
263000 out of 3393480
264000 out of 3393480
265000 out of 3393480
266000 out of 3393480
267000 out of 3393480
268000 out of 3393480
269000 out of 3393480
270000 out of 3393480
271000 out of 3393480
272000 out of 3393480
273000 out of 3393480
274000 out of 3393480
275000 out of 3393480
276000 out of 3393480
277000 out of 3393480
278000 out of 3393480
279000 out of 3393480
280000 out of 3393480
281000 out of 3393480
282000 out of 3393480
283000 out of 3393480
284000 out of 3393480
285000 out of 3393480
286000 out of 3393480
287000 out of 3393480
288000 out of 3393480
289000 out of 3393480
290000 out of 3393480
291000 out of 3393480
292000 out of 3393480
293000 out of 3393480
294000 out of 3393480
295000 out of 3393480
